Command : C:\ProgramData\miniconda3\python.exe C:\Users\fanaf\Desktop\Native\native_tfjs_bench\scripts\run_one_model.py --model-id 9 --trial-id 0 --output-dir benchmark\output\trial_000\model_009 --warmup 10 --iterations 1024 --seed 12345 --device cuda --run-mode clean_benchmark
Exit code: 0
Elapsed  : 15.42s
Timed out: False

--- STDOUT ---
2026-04-27T03:34:26 [INFO    ] run_one_model: Process start | pid=22216 | model_id=9 | trial_id=0
2026-04-27T03:34:26 [INFO    ] benchmark.runner: Trial 0 | Model 9 (posenet) | Framework: mediapipe
2026-04-27T03:34:29 [INFO    ] benchmark.models.model_posenet: pose_landmarker_lite.task already cached at C:\Users\fanaf\Desktop\Native\native_tfjs_bench\benchmark\models\_mediapipe_assets\pose_landmarker_lite.task
2026-04-27T03:34:29 [INFO    ] benchmark.models.model_posenet: PoseLandmarker-Lite loaded (CPU inference)
2026-04-27T03:34:29 [INFO    ] benchmark.runner:   Load complete in 3078.33 ms
2026-04-27T03:34:30 [INFO    ] benchmark.runner:   [Phase 2] 1st-call: single timed inference (first-use measurement)
2026-04-27T03:34:30 [INFO    ] benchmark.runner:   [Phase 2] 1st-call complete: 22.32 ms
2026-04-27T03:34:31 [INFO    ] benchmark.runner:   [Phase 3] Measurement: running 1024 full inference passes (timed)
2026-04-27T03:34:39 [INFO    ] benchmark.runner:   [Phase 3] Measurement complete: 1024/1024 iters recorded
2026-04-27T03:34:39 [INFO    ] benchmark.runner:   Done | 1st-call=22.32 ms | mean=8.61 ms | p95=8.86 ms | kernel=8.56 ms | status=success
2026-04-27T03:34:39 [INFO    ] run_one_model: Process exit | status=success


--- STDERR ---
2026-04-27 03:34:26.586421: I tensorflow/core/util/port.cc:153] oneDNN custom operations are on. You may see slightly different numerical results due to floating-point round-off errors from different computation orders. To turn them off, set the environment variable `TF_ENABLE_ONEDNN_OPTS=0`.
2026-04-27 03:34:27.190123: I tensorflow/core/util/port.cc:153] oneDNN custom operations are on. You may see slightly different numerical results due to floating-point round-off errors from different computation orders. To turn them off, set the environment variable `TF_ENABLE_ONEDNN_OPTS=0`.
INFO: Created TensorFlow Lite XNNPACK delegate for CPU.
W0000 00:00:1777275269.370908   40824 inference_feedback_manager.cc:121] Feedback manager requires a model with a single signature inference. Disabling support for feedback tensors.
W0000 00:00:1777275269.380166   29024 inference_feedback_manager.cc:121] Feedback manager requires a model with a single signature inference. Disabling support for feedback tensors.
