2026-04-26T13:52:02 [INFO    ] run_one_model: Process start | pid=40636 | model_id=10 | trial_id=3
2026-04-26T13:52:02 [INFO    ] benchmark.runner: Trial 3 | Model 10 (deeplabv3) | Framework: pytorch
2026-04-26T13:52:03 [INFO    ] benchmark.models.model_deeplabv3: Loading DeepLabV3 MobileNetV3-Large on cuda …
2026-04-26T13:52:03 [INFO    ] benchmark.models.model_deeplabv3: DeepLabV3 MobileNetV3-Large loaded on cuda
2026-04-26T13:52:03 [INFO    ] benchmark.runner:   Load complete in 1439.71 ms
2026-04-26T13:52:04 [INFO    ] benchmark.runner:   [Phase 2] 1st-call: single timed inference (first-use measurement)
2026-04-26T13:52:04 [INFO    ] benchmark.runner:   [Phase 2] 1st-call complete: 234.38 ms
2026-04-26T13:52:05 [INFO    ] benchmark.runner:   [Phase 3] Measurement: running 1024 full inference passes (timed)
2026-04-26T13:52:12 [INFO    ] benchmark.runner:   [Phase 3] Measurement complete: 1024/1024 iters recorded
2026-04-26T13:52:12 [INFO    ] benchmark.runner:   Done | 1st-call=234.38 ms | mean=7.31 ms | p95=7.74 ms | kernel=7.25 ms | status=success
2026-04-26T13:52:12 [INFO    ] run_one_model: Process exit | status=success
2026-04-26T14:35:37 [INFO    ] run_one_model: Process start | pid=26940 | model_id=10 | trial_id=3
2026-04-26T14:35:37 [INFO    ] benchmark.runner: Trial 3 | Model 10 (deeplabv3) | Framework: pytorch
2026-04-26T14:35:38 [INFO    ] benchmark.models.model_deeplabv3: Loading DeepLabV3 MobileNetV3-Large on cuda …
2026-04-26T14:35:38 [INFO    ] benchmark.models.model_deeplabv3: DeepLabV3 MobileNetV3-Large loaded on cuda
2026-04-26T14:35:38 [INFO    ] benchmark.runner:   Load complete in 1357.18 ms
2026-04-26T14:35:39 [INFO    ] benchmark.runner:   [Phase 2] 1st-call: single timed inference (first-use measurement)
2026-04-26T14:35:39 [INFO    ] benchmark.runner:   [Phase 2] 1st-call complete: 217.53 ms
2026-04-26T14:35:40 [INFO    ] benchmark.runner:   [Phase 3] Measurement: running 1024 full inference passes (timed)
2026-04-26T14:35:47 [INFO    ] benchmark.runner:   [Phase 3] Measurement complete: 1024/1024 iters recorded
2026-04-26T14:35:47 [INFO    ] benchmark.runner:   Done | 1st-call=217.53 ms | mean=6.81 ms | p95=7.14 ms | kernel=6.76 ms | status=success
2026-04-26T14:35:47 [INFO    ] run_one_model: Process exit | status=success
2026-04-26T15:56:03 [INFO    ] run_one_model: Process start | pid=18424 | model_id=10 | trial_id=3
2026-04-26T15:56:03 [INFO    ] benchmark.runner: Trial 3 | Model 10 (deeplabv3) | Framework: pytorch
2026-04-26T15:56:04 [INFO    ] benchmark.models.model_deeplabv3: Loading DeepLabV3 MobileNetV3-Large on cuda …
2026-04-26T15:56:05 [INFO    ] benchmark.models.model_deeplabv3: DeepLabV3 MobileNetV3-Large loaded on cuda
2026-04-26T15:56:05 [INFO    ] benchmark.runner:   Load complete in 1559.31 ms
2026-04-26T15:56:05 [INFO    ] benchmark.runner:   [Phase 2] 1st-call: single timed inference (first-use measurement)
2026-04-26T15:56:06 [INFO    ] benchmark.runner:   [Phase 2] 1st-call complete: 223.18 ms
2026-04-26T15:56:07 [INFO    ] benchmark.runner:   [Phase 3] Measurement: running 1024 full inference passes (timed)
2026-04-26T15:56:14 [INFO    ] benchmark.runner:   [Phase 3] Measurement complete: 1024/1024 iters recorded
2026-04-26T15:56:14 [INFO    ] benchmark.runner:   Done | 1st-call=223.18 ms | mean=7.21 ms | p95=8.61 ms | kernel=7.16 ms | status=success
2026-04-26T15:56:14 [INFO    ] run_one_model: Process exit | status=success
2026-04-27T02:35:54 [INFO    ] run_one_model: Process start | pid=36328 | model_id=10 | trial_id=3
2026-04-27T02:35:54 [INFO    ] benchmark.runner: Trial 3 | Model 10 (deeplabv3) | Framework: pytorch
2026-04-27T02:35:56 [INFO    ] benchmark.models.model_deeplabv3: Loading DeepLabV3 MobileNetV3-Large on cuda …
2026-04-27T02:35:56 [INFO    ] benchmark.models.model_deeplabv3: DeepLabV3 MobileNetV3-Large loaded on cuda
2026-04-27T02:35:56 [INFO    ] benchmark.runner:   Load complete in 1347.64 ms
2026-04-27T02:35:56 [INFO    ] benchmark.runner:   [Phase 2] 1st-call: single timed inference (first-use measurement)
2026-04-27T02:35:57 [INFO    ] benchmark.runner:   [Phase 2] 1st-call complete: 221.15 ms
2026-04-27T02:35:58 [INFO    ] benchmark.runner:   [Phase 3] Measurement: running 1024 full inference passes (timed)
2026-04-27T02:36:05 [INFO    ] benchmark.runner:   [Phase 3] Measurement complete: 1024/1024 iters recorded
2026-04-27T02:36:05 [INFO    ] benchmark.runner:   Done | 1st-call=221.15 ms | mean=7.12 ms | p95=8.65 ms | kernel=7.08 ms | status=success
2026-04-27T02:36:05 [INFO    ] run_one_model: Process exit | status=success
2026-04-27T03:00:42 [INFO    ] run_one_model: Process start | pid=34436 | model_id=10 | trial_id=3
2026-04-27T03:00:42 [INFO    ] benchmark.runner: Trial 3 | Model 10 (deeplabv3) | Framework: pytorch
2026-04-27T03:00:43 [INFO    ] benchmark.models.model_deeplabv3: Loading DeepLabV3 MobileNetV3-Large on cuda …
2026-04-27T03:00:43 [INFO    ] benchmark.models.model_deeplabv3: DeepLabV3 MobileNetV3-Large loaded on cuda
2026-04-27T03:00:43 [INFO    ] benchmark.runner:   Load complete in 1330.16 ms
2026-04-27T03:00:44 [INFO    ] benchmark.runner:   [Phase 2] 1st-call: single timed inference (first-use measurement)
2026-04-27T03:00:44 [INFO    ] benchmark.runner:   [Phase 2] 1st-call complete: 220.28 ms
2026-04-27T03:00:45 [INFO    ] benchmark.runner:   [Phase 3] Measurement: running 1024 full inference passes (timed)
2026-04-27T03:00:53 [INFO    ] benchmark.runner:   [Phase 3] Measurement complete: 1024/1024 iters recorded
2026-04-27T03:00:53 [INFO    ] benchmark.runner:   Done | 1st-call=220.28 ms | mean=7.29 ms | p95=8.89 ms | kernel=7.23 ms | status=success
2026-04-27T03:00:53 [INFO    ] run_one_model: Process exit | status=success
2026-04-27T03:36:40 [INFO    ] run_one_model: Process start | pid=33136 | model_id=10 | trial_id=3
2026-04-27T03:36:40 [INFO    ] benchmark.runner: Trial 3 | Model 10 (deeplabv3) | Framework: pytorch
2026-04-27T03:36:42 [INFO    ] benchmark.models.model_deeplabv3: Loading DeepLabV3 MobileNetV3-Large on cuda …
2026-04-27T03:36:42 [INFO    ] benchmark.models.model_deeplabv3: DeepLabV3 MobileNetV3-Large loaded on cuda
2026-04-27T03:36:42 [INFO    ] benchmark.runner:   Load complete in 1335.46 ms
2026-04-27T03:36:42 [INFO    ] benchmark.runner:   [Phase 2] 1st-call: single timed inference (first-use measurement)
2026-04-27T03:36:42 [INFO    ] benchmark.runner:   [Phase 2] 1st-call complete: 223.34 ms
2026-04-27T03:36:44 [INFO    ] benchmark.runner:   [Phase 3] Measurement: running 1024 full inference passes (timed)
2026-04-27T03:36:51 [INFO    ] benchmark.runner:   [Phase 3] Measurement complete: 1024/1024 iters recorded
2026-04-27T03:36:51 [INFO    ] benchmark.runner:   Done | 1st-call=223.34 ms | mean=7.15 ms | p95=8.64 ms | kernel=7.10 ms | status=success
2026-04-27T03:36:51 [INFO    ] run_one_model: Process exit | status=success
