2026-04-26T13:48:09 [INFO    ] run_one_model: Process start | pid=21292 | model_id=6 | trial_id=0
2026-04-26T13:48:09 [INFO    ] benchmark.runner: Trial 0 | Model 6 (mobilenetv3) | Framework: pytorch
2026-04-26T13:48:11 [INFO    ] benchmark.models.model_mobilenetv3: Loading MobileNetV3-Small (torchvision IMAGENET1K_V1) on cuda …
2026-04-26T13:48:11 [INFO    ] benchmark.models.model_mobilenetv3: MobileNetV3-Small loaded and ready on cuda
2026-04-26T13:48:11 [INFO    ] benchmark.runner:   Load complete in 1340.07 ms
2026-04-26T13:48:11 [INFO    ] benchmark.runner:   [Phase 2] 1st-call: single timed inference (first-use measurement)
2026-04-26T13:48:11 [INFO    ] benchmark.runner:   [Phase 2] 1st-call complete: 189.77 ms
2026-04-26T13:48:13 [INFO    ] benchmark.runner:   [Phase 3] Measurement: running 1024 full inference passes (timed)
2026-04-26T13:48:17 [INFO    ] benchmark.runner:   [Phase 3] Measurement complete: 1024/1024 iters recorded
2026-04-26T13:48:17 [INFO    ] benchmark.runner:   Done | 1st-call=189.77 ms | mean=3.89 ms | p95=5.57 ms | kernel=3.85 ms | status=success
2026-04-26T13:48:17 [INFO    ] run_one_model: Process exit | status=success
2026-04-26T14:32:31 [INFO    ] run_one_model: Process start | pid=26208 | model_id=6 | trial_id=0
2026-04-26T14:32:31 [INFO    ] benchmark.runner: Trial 0 | Model 6 (mobilenetv3) | Framework: pytorch
2026-04-26T14:32:32 [INFO    ] benchmark.models.model_mobilenetv3: Loading MobileNetV3-Small (torchvision IMAGENET1K_V1) on cuda …
2026-04-26T14:32:32 [INFO    ] benchmark.models.model_mobilenetv3: MobileNetV3-Small loaded and ready on cuda
2026-04-26T14:32:32 [INFO    ] benchmark.runner:   Load complete in 1268.12 ms
2026-04-26T14:32:33 [INFO    ] benchmark.runner:   [Phase 2] 1st-call: single timed inference (first-use measurement)
2026-04-26T14:32:33 [INFO    ] benchmark.runner:   [Phase 2] 1st-call complete: 182.28 ms
2026-04-26T14:32:34 [INFO    ] benchmark.runner:   [Phase 3] Measurement: running 1024 full inference passes (timed)
2026-04-26T14:32:37 [INFO    ] benchmark.runner:   [Phase 3] Measurement complete: 1024/1024 iters recorded
2026-04-26T14:32:37 [INFO    ] benchmark.runner:   Done | 1st-call=182.28 ms | mean=3.22 ms | p95=4.70 ms | kernel=3.19 ms | status=success
2026-04-26T14:32:37 [INFO    ] run_one_model: Process exit | status=success
2026-04-26T15:52:59 [INFO    ] run_one_model: Process start | pid=35872 | model_id=6 | trial_id=0
2026-04-26T15:52:59 [INFO    ] benchmark.runner: Trial 0 | Model 6 (mobilenetv3) | Framework: pytorch
2026-04-26T15:53:00 [INFO    ] benchmark.models.model_mobilenetv3: Loading MobileNetV3-Small (torchvision IMAGENET1K_V1) on cuda …
2026-04-26T15:53:01 [INFO    ] benchmark.models.model_mobilenetv3: MobileNetV3-Small loaded and ready on cuda
2026-04-26T15:53:01 [INFO    ] benchmark.runner:   Load complete in 1267.23 ms
2026-04-26T15:53:01 [INFO    ] benchmark.runner:   [Phase 2] 1st-call: single timed inference (first-use measurement)
2026-04-26T15:53:01 [INFO    ] benchmark.runner:   [Phase 2] 1st-call complete: 181.88 ms
2026-04-26T15:53:02 [INFO    ] benchmark.runner:   [Phase 3] Measurement: running 1024 full inference passes (timed)
2026-04-26T15:53:06 [INFO    ] benchmark.runner:   [Phase 3] Measurement complete: 1024/1024 iters recorded
2026-04-26T15:53:06 [INFO    ] benchmark.runner:   Done | 1st-call=181.88 ms | mean=3.13 ms | p95=4.91 ms | kernel=3.10 ms | status=success
2026-04-26T15:53:06 [INFO    ] run_one_model: Process exit | status=success
2026-04-27T02:32:47 [INFO    ] run_one_model: Process start | pid=26244 | model_id=6 | trial_id=0
2026-04-27T02:32:47 [INFO    ] benchmark.runner: Trial 0 | Model 6 (mobilenetv3) | Framework: pytorch
2026-04-27T02:32:48 [INFO    ] benchmark.models.model_mobilenetv3: Loading MobileNetV3-Small (torchvision IMAGENET1K_V1) on cuda …
2026-04-27T02:32:48 [INFO    ] benchmark.models.model_mobilenetv3: MobileNetV3-Small loaded and ready on cuda
2026-04-27T02:32:48 [INFO    ] benchmark.runner:   Load complete in 1293.13 ms
2026-04-27T02:32:48 [INFO    ] benchmark.runner:   [Phase 2] 1st-call: single timed inference (first-use measurement)
2026-04-27T02:32:49 [INFO    ] benchmark.runner:   [Phase 2] 1st-call complete: 178.35 ms
2026-04-27T02:32:50 [INFO    ] benchmark.runner:   [Phase 3] Measurement: running 1024 full inference passes (timed)
2026-04-27T02:32:53 [INFO    ] benchmark.runner:   [Phase 3] Measurement complete: 1024/1024 iters recorded
2026-04-27T02:32:53 [INFO    ] benchmark.runner:   Done | 1st-call=178.35 ms | mean=3.26 ms | p95=4.84 ms | kernel=3.23 ms | status=success
2026-04-27T02:32:53 [INFO    ] run_one_model: Process exit | status=success
2026-04-27T02:57:34 [INFO    ] run_one_model: Process start | pid=27920 | model_id=6 | trial_id=0
2026-04-27T02:57:34 [INFO    ] benchmark.runner: Trial 0 | Model 6 (mobilenetv3) | Framework: pytorch
2026-04-27T02:57:36 [INFO    ] benchmark.models.model_mobilenetv3: Loading MobileNetV3-Small (torchvision IMAGENET1K_V1) on cuda …
2026-04-27T02:57:36 [INFO    ] benchmark.models.model_mobilenetv3: MobileNetV3-Small loaded and ready on cuda
2026-04-27T02:57:36 [INFO    ] benchmark.runner:   Load complete in 1274.48 ms
2026-04-27T02:57:36 [INFO    ] benchmark.runner:   [Phase 2] 1st-call: single timed inference (first-use measurement)
2026-04-27T02:57:36 [INFO    ] benchmark.runner:   [Phase 2] 1st-call complete: 196.89 ms
2026-04-27T02:57:38 [INFO    ] benchmark.runner:   [Phase 3] Measurement: running 1024 full inference passes (timed)
2026-04-27T02:57:41 [INFO    ] benchmark.runner:   [Phase 3] Measurement complete: 1024/1024 iters recorded
2026-04-27T02:57:41 [INFO    ] benchmark.runner:   Done | 1st-call=196.89 ms | mean=3.02 ms | p95=3.99 ms | kernel=2.98 ms | status=success
2026-04-27T02:57:41 [INFO    ] run_one_model: Process exit | status=success
2026-04-27T03:33:34 [INFO    ] run_one_model: Process start | pid=33084 | model_id=6 | trial_id=0
2026-04-27T03:33:34 [INFO    ] benchmark.runner: Trial 0 | Model 6 (mobilenetv3) | Framework: pytorch
2026-04-27T03:33:35 [INFO    ] benchmark.models.model_mobilenetv3: Loading MobileNetV3-Small (torchvision IMAGENET1K_V1) on cuda …
2026-04-27T03:33:35 [INFO    ] benchmark.models.model_mobilenetv3: MobileNetV3-Small loaded and ready on cuda
2026-04-27T03:33:35 [INFO    ] benchmark.runner:   Load complete in 1293.39 ms
2026-04-27T03:33:36 [INFO    ] benchmark.runner:   [Phase 2] 1st-call: single timed inference (first-use measurement)
2026-04-27T03:33:36 [INFO    ] benchmark.runner:   [Phase 2] 1st-call complete: 174.92 ms
2026-04-27T03:33:37 [INFO    ] benchmark.runner:   [Phase 3] Measurement: running 1024 full inference passes (timed)
2026-04-27T03:33:40 [INFO    ] benchmark.runner:   [Phase 3] Measurement complete: 1024/1024 iters recorded
2026-04-27T03:33:40 [INFO    ] benchmark.runner:   Done | 1st-call=174.92 ms | mean=3.03 ms | p95=3.80 ms | kernel=3.00 ms | status=success
2026-04-27T03:33:40 [INFO    ] run_one_model: Process exit | status=success
