2026-04-26T13:48:21 [INFO    ] run_one_model: Process start | pid=12392 | model_id=6 | trial_id=1
2026-04-26T13:48:21 [INFO    ] benchmark.runner: Trial 1 | Model 6 (mobilenetv3) | Framework: pytorch
2026-04-26T13:48:22 [INFO    ] benchmark.models.model_mobilenetv3: Loading MobileNetV3-Small (torchvision IMAGENET1K_V1) on cuda …
2026-04-26T13:48:22 [INFO    ] benchmark.models.model_mobilenetv3: MobileNetV3-Small loaded and ready on cuda
2026-04-26T13:48:22 [INFO    ] benchmark.runner:   Load complete in 1341.86 ms
2026-04-26T13:48:23 [INFO    ] benchmark.runner:   [Phase 2] 1st-call: single timed inference (first-use measurement)
2026-04-26T13:48:23 [INFO    ] benchmark.runner:   [Phase 2] 1st-call complete: 187.60 ms
2026-04-26T13:48:24 [INFO    ] benchmark.runner:   [Phase 3] Measurement: running 1024 full inference passes (timed)
2026-04-26T13:48:28 [INFO    ] benchmark.runner:   [Phase 3] Measurement complete: 1024/1024 iters recorded
2026-04-26T13:48:28 [INFO    ] benchmark.runner:   Done | 1st-call=187.60 ms | mean=3.25 ms | p95=3.96 ms | kernel=3.21 ms | status=success
2026-04-26T13:48:28 [INFO    ] run_one_model: Process exit | status=success
2026-04-26T14:32:42 [INFO    ] run_one_model: Process start | pid=38384 | model_id=6 | trial_id=1
2026-04-26T14:32:42 [INFO    ] benchmark.runner: Trial 1 | Model 6 (mobilenetv3) | Framework: pytorch
2026-04-26T14:32:43 [INFO    ] benchmark.models.model_mobilenetv3: Loading MobileNetV3-Small (torchvision IMAGENET1K_V1) on cuda …
2026-04-26T14:32:43 [INFO    ] benchmark.models.model_mobilenetv3: MobileNetV3-Small loaded and ready on cuda
2026-04-26T14:32:43 [INFO    ] benchmark.runner:   Load complete in 1261.98 ms
2026-04-26T14:32:44 [INFO    ] benchmark.runner:   [Phase 2] 1st-call: single timed inference (first-use measurement)
2026-04-26T14:32:44 [INFO    ] benchmark.runner:   [Phase 2] 1st-call complete: 182.29 ms
2026-04-26T14:32:45 [INFO    ] benchmark.runner:   [Phase 3] Measurement: running 1024 full inference passes (timed)
2026-04-26T14:32:48 [INFO    ] benchmark.runner:   [Phase 3] Measurement complete: 1024/1024 iters recorded
2026-04-26T14:32:48 [INFO    ] benchmark.runner:   Done | 1st-call=182.29 ms | mean=3.19 ms | p95=4.61 ms | kernel=3.16 ms | status=success
2026-04-26T14:32:48 [INFO    ] run_one_model: Process exit | status=success
2026-04-26T15:53:10 [INFO    ] run_one_model: Process start | pid=33136 | model_id=6 | trial_id=1
2026-04-26T15:53:10 [INFO    ] benchmark.runner: Trial 1 | Model 6 (mobilenetv3) | Framework: pytorch
2026-04-26T15:53:11 [INFO    ] benchmark.models.model_mobilenetv3: Loading MobileNetV3-Small (torchvision IMAGENET1K_V1) on cuda …
2026-04-26T15:53:11 [INFO    ] benchmark.models.model_mobilenetv3: MobileNetV3-Small loaded and ready on cuda
2026-04-26T15:53:11 [INFO    ] benchmark.runner:   Load complete in 1254.40 ms
2026-04-26T15:53:12 [INFO    ] benchmark.runner:   [Phase 2] 1st-call: single timed inference (first-use measurement)
2026-04-26T15:53:12 [INFO    ] benchmark.runner:   [Phase 2] 1st-call complete: 180.85 ms
2026-04-26T15:53:13 [INFO    ] benchmark.runner:   [Phase 3] Measurement: running 1024 full inference passes (timed)
2026-04-26T15:53:16 [INFO    ] benchmark.runner:   [Phase 3] Measurement complete: 1024/1024 iters recorded
2026-04-26T15:53:16 [INFO    ] benchmark.runner:   Done | 1st-call=180.85 ms | mean=3.15 ms | p95=4.94 ms | kernel=3.13 ms | status=success
2026-04-26T15:53:16 [INFO    ] run_one_model: Process exit | status=success
2026-04-27T02:32:58 [INFO    ] run_one_model: Process start | pid=28400 | model_id=6 | trial_id=1
2026-04-27T02:32:58 [INFO    ] benchmark.runner: Trial 1 | Model 6 (mobilenetv3) | Framework: pytorch
2026-04-27T02:32:59 [INFO    ] benchmark.models.model_mobilenetv3: Loading MobileNetV3-Small (torchvision IMAGENET1K_V1) on cuda …
2026-04-27T02:32:59 [INFO    ] benchmark.models.model_mobilenetv3: MobileNetV3-Small loaded and ready on cuda
2026-04-27T02:32:59 [INFO    ] benchmark.runner:   Load complete in 1252.94 ms
2026-04-27T02:32:59 [INFO    ] benchmark.runner:   [Phase 2] 1st-call: single timed inference (first-use measurement)
2026-04-27T02:33:00 [INFO    ] benchmark.runner:   [Phase 2] 1st-call complete: 185.44 ms
2026-04-27T02:33:01 [INFO    ] benchmark.runner:   [Phase 3] Measurement: running 1024 full inference passes (timed)
2026-04-27T02:33:04 [INFO    ] benchmark.runner:   [Phase 3] Measurement complete: 1024/1024 iters recorded
2026-04-27T02:33:05 [INFO    ] benchmark.runner:   Done | 1st-call=185.44 ms | mean=3.39 ms | p95=4.98 ms | kernel=3.36 ms | status=success
2026-04-27T02:33:05 [INFO    ] run_one_model: Process exit | status=success
2026-04-27T02:57:45 [INFO    ] run_one_model: Process start | pid=21816 | model_id=6 | trial_id=1
2026-04-27T02:57:45 [INFO    ] benchmark.runner: Trial 1 | Model 6 (mobilenetv3) | Framework: pytorch
2026-04-27T02:57:46 [INFO    ] benchmark.models.model_mobilenetv3: Loading MobileNetV3-Small (torchvision IMAGENET1K_V1) on cuda …
2026-04-27T02:57:47 [INFO    ] benchmark.models.model_mobilenetv3: MobileNetV3-Small loaded and ready on cuda
2026-04-27T02:57:47 [INFO    ] benchmark.runner:   Load complete in 1372.90 ms
2026-04-27T02:57:47 [INFO    ] benchmark.runner:   [Phase 2] 1st-call: single timed inference (first-use measurement)
2026-04-27T02:57:48 [INFO    ] benchmark.runner:   [Phase 2] 1st-call complete: 181.25 ms
2026-04-27T02:57:49 [INFO    ] benchmark.runner:   [Phase 3] Measurement: running 1024 full inference passes (timed)
2026-04-27T02:57:52 [INFO    ] benchmark.runner:   [Phase 3] Measurement complete: 1024/1024 iters recorded
2026-04-27T02:57:52 [INFO    ] benchmark.runner:   Done | 1st-call=181.25 ms | mean=2.77 ms | p95=3.41 ms | kernel=2.74 ms | status=success
2026-04-27T02:57:52 [INFO    ] run_one_model: Process exit | status=success
2026-04-27T03:33:45 [INFO    ] run_one_model: Process start | pid=17036 | model_id=6 | trial_id=1
2026-04-27T03:33:45 [INFO    ] benchmark.runner: Trial 1 | Model 6 (mobilenetv3) | Framework: pytorch
2026-04-27T03:33:46 [INFO    ] benchmark.models.model_mobilenetv3: Loading MobileNetV3-Small (torchvision IMAGENET1K_V1) on cuda …
2026-04-27T03:33:46 [INFO    ] benchmark.models.model_mobilenetv3: MobileNetV3-Small loaded and ready on cuda
2026-04-27T03:33:46 [INFO    ] benchmark.runner:   Load complete in 1273.74 ms
2026-04-27T03:33:46 [INFO    ] benchmark.runner:   [Phase 2] 1st-call: single timed inference (first-use measurement)
2026-04-27T03:33:47 [INFO    ] benchmark.runner:   [Phase 2] 1st-call complete: 177.78 ms
2026-04-27T03:33:48 [INFO    ] benchmark.runner:   [Phase 3] Measurement: running 1024 full inference passes (timed)
2026-04-27T03:33:51 [INFO    ] benchmark.runner:   [Phase 3] Measurement complete: 1024/1024 iters recorded
2026-04-27T03:33:51 [INFO    ] benchmark.runner:   Done | 1st-call=177.78 ms | mean=3.02 ms | p95=3.78 ms | kernel=3.00 ms | status=success
2026-04-27T03:33:51 [INFO    ] run_one_model: Process exit | status=success
