Command : C:\ProgramData\miniconda3\python.exe C:\Users\fanaf\Desktop\Native\native_tfjs_bench\scripts\run_one_model.py --model-id 2 --trial-id 0 --output-dir benchmark\output\trial_000\model_002 --warmup 10 --iterations 1024 --seed 12345 --device cuda --run-mode clean_benchmark
Exit code: 0
Elapsed  : 15.13s
Timed out: False

--- STDOUT ---
2026-04-27T03:23:38 [INFO    ] run_one_model: Process start | pid=39528 | model_id=2 | trial_id=0
2026-04-27T03:23:38 [INFO    ] benchmark.runner: Trial 0 | Model 2 (hand_pose_3d) | Framework: mediapipe
2026-04-27T03:23:41 [INFO    ] benchmark.models.model_hand_pose_3d: hand_landmarker.task already cached at C:\Users\fanaf\Desktop\Native\native_tfjs_bench\benchmark\models\_mediapipe_assets\hand_landmarker.task
2026-04-27T03:23:41 [INFO    ] benchmark.models.model_hand_pose_3d: HandLandmarker loaded (CPU inference)
2026-04-27T03:23:41 [INFO    ] benchmark.runner:   Load complete in 3027.84 ms
2026-04-27T03:23:42 [INFO    ] benchmark.runner:   [Phase 2] 1st-call: single timed inference (first-use measurement)
2026-04-27T03:23:42 [INFO    ] benchmark.runner:   [Phase 2] 1st-call complete: 22.49 ms
2026-04-27T03:23:43 [INFO    ] benchmark.runner:   [Phase 3] Measurement: running 1024 full inference passes (timed)
2026-04-27T03:23:51 [INFO    ] benchmark.runner:   [Phase 3] Measurement complete: 1024/1024 iters recorded
2026-04-27T03:23:51 [INFO    ] benchmark.runner:   Done | 1st-call=22.49 ms | mean=8.40 ms | p95=8.68 ms | kernel=8.35 ms | status=success
2026-04-27T03:23:51 [INFO    ] run_one_model: Process exit | status=success


--- STDERR ---
2026-04-27 03:23:38.757783: I tensorflow/core/util/port.cc:153] oneDNN custom operations are on. You may see slightly different numerical results due to floating-point round-off errors from different computation orders. To turn them off, set the environment variable `TF_ENABLE_ONEDNN_OPTS=0`.
2026-04-27 03:23:39.363339: I tensorflow/core/util/port.cc:153] oneDNN custom operations are on. You may see slightly different numerical results due to floating-point round-off errors from different computation orders. To turn them off, set the environment variable `TF_ENABLE_ONEDNN_OPTS=0`.
INFO: Created TensorFlow Lite XNNPACK delegate for CPU.
W0000 00:00:1777274621.497777   22308 inference_feedback_manager.cc:121] Feedback manager requires a model with a single signature inference. Disabling support for feedback tensors.
W0000 00:00:1777274621.503966   22308 inference_feedback_manager.cc:121] Feedback manager requires a model with a single signature inference. Disabling support for feedback tensors.
W0000 00:00:1777274622.161499   29108 landmark_projection_calculator.cc:81] Using NORM_RECT without IMAGE_DIMENSIONS is only supported for the square ROI. Provide IMAGE_DIMENSIONS or use PROJECTION_MATRIX.
