2026-04-26T13:50:59 [INFO    ] run_one_model: Process start | pid=36892 | model_id=9 | trial_id=4
2026-04-26T13:50:59 [INFO    ] benchmark.runner: Trial 4 | Model 9 (posenet) | Framework: mediapipe
2026-04-26T13:51:02 [INFO    ] benchmark.models.model_posenet: pose_landmarker_lite.task already cached at C:\Users\fanaf\Desktop\Native\native_tfjs_bench\benchmark\models\_mediapipe_assets\pose_landmarker_lite.task
2026-04-26T13:51:02 [INFO    ] benchmark.models.model_posenet: PoseLandmarker-Lite loaded (CPU inference)
2026-04-26T13:51:02 [INFO    ] benchmark.runner:   Load complete in 3293.26 ms
2026-04-26T13:51:03 [INFO    ] benchmark.runner:   [Phase 2] 1st-call: single timed inference (first-use measurement)
2026-04-26T13:51:03 [INFO    ] benchmark.runner:   [Phase 2] 1st-call complete: 23.31 ms
2026-04-26T13:51:04 [INFO    ] benchmark.runner:   [Phase 3] Measurement: running 1024 full inference passes (timed)
2026-04-26T13:51:13 [INFO    ] benchmark.runner:   [Phase 3] Measurement complete: 1024/1024 iters recorded
2026-04-26T13:51:13 [INFO    ] benchmark.runner:   Done | 1st-call=23.31 ms | mean=9.12 ms | p95=9.48 ms | kernel=9.07 ms | status=success
2026-04-26T13:51:13 [INFO    ] run_one_model: Process exit | status=success
2026-04-26T14:34:36 [INFO    ] run_one_model: Process start | pid=38232 | model_id=9 | trial_id=4
2026-04-26T14:34:36 [INFO    ] benchmark.runner: Trial 4 | Model 9 (posenet) | Framework: mediapipe
2026-04-26T14:34:39 [INFO    ] benchmark.models.model_posenet: pose_landmarker_lite.task already cached at C:\Users\fanaf\Desktop\Native\native_tfjs_bench\benchmark\models\_mediapipe_assets\pose_landmarker_lite.task
2026-04-26T14:34:39 [INFO    ] benchmark.models.model_posenet: PoseLandmarker-Lite loaded (CPU inference)
2026-04-26T14:34:39 [INFO    ] benchmark.runner:   Load complete in 3057.63 ms
2026-04-26T14:34:39 [INFO    ] benchmark.runner:   [Phase 2] 1st-call: single timed inference (first-use measurement)
2026-04-26T14:34:39 [INFO    ] benchmark.runner:   [Phase 2] 1st-call complete: 22.64 ms
2026-04-26T14:34:40 [INFO    ] benchmark.runner:   [Phase 3] Measurement: running 1024 full inference passes (timed)
2026-04-26T14:34:49 [INFO    ] benchmark.runner:   [Phase 3] Measurement complete: 1024/1024 iters recorded
2026-04-26T14:34:49 [INFO    ] benchmark.runner:   Done | 1st-call=22.64 ms | mean=8.62 ms | p95=8.99 ms | kernel=8.57 ms | status=success
2026-04-26T14:34:49 [INFO    ] run_one_model: Process exit | status=success
2026-04-26T15:55:03 [INFO    ] run_one_model: Process start | pid=40720 | model_id=9 | trial_id=4
2026-04-26T15:55:03 [INFO    ] benchmark.runner: Trial 4 | Model 9 (posenet) | Framework: mediapipe
2026-04-26T15:55:06 [INFO    ] benchmark.models.model_posenet: pose_landmarker_lite.task already cached at C:\Users\fanaf\Desktop\Native\native_tfjs_bench\benchmark\models\_mediapipe_assets\pose_landmarker_lite.task
2026-04-26T15:55:06 [INFO    ] benchmark.models.model_posenet: PoseLandmarker-Lite loaded (CPU inference)
2026-04-26T15:55:06 [INFO    ] benchmark.runner:   Load complete in 3065.18 ms
2026-04-26T15:55:07 [INFO    ] benchmark.runner:   [Phase 2] 1st-call: single timed inference (first-use measurement)
2026-04-26T15:55:07 [INFO    ] benchmark.runner:   [Phase 2] 1st-call complete: 22.06 ms
2026-04-26T15:55:08 [INFO    ] benchmark.runner:   [Phase 3] Measurement: running 1024 full inference passes (timed)
2026-04-26T15:55:17 [INFO    ] benchmark.runner:   [Phase 3] Measurement complete: 1024/1024 iters recorded
2026-04-26T15:55:17 [INFO    ] benchmark.runner:   Done | 1st-call=22.06 ms | mean=8.66 ms | p95=9.05 ms | kernel=8.61 ms | status=success
2026-04-26T15:55:17 [INFO    ] run_one_model: Process exit | status=success
2026-04-27T02:34:55 [INFO    ] run_one_model: Process start | pid=21408 | model_id=9 | trial_id=4
2026-04-27T02:34:55 [INFO    ] benchmark.runner: Trial 4 | Model 9 (posenet) | Framework: mediapipe
2026-04-27T02:34:58 [INFO    ] benchmark.models.model_posenet: pose_landmarker_lite.task already cached at C:\Users\fanaf\Desktop\Native\native_tfjs_bench\benchmark\models\_mediapipe_assets\pose_landmarker_lite.task
2026-04-27T02:34:58 [INFO    ] benchmark.models.model_posenet: PoseLandmarker-Lite loaded (CPU inference)
2026-04-27T02:34:58 [INFO    ] benchmark.runner:   Load complete in 3031.72 ms
2026-04-27T02:34:58 [INFO    ] benchmark.runner:   [Phase 2] 1st-call: single timed inference (first-use measurement)
2026-04-27T02:34:58 [INFO    ] benchmark.runner:   [Phase 2] 1st-call complete: 22.60 ms
2026-04-27T02:35:00 [INFO    ] benchmark.runner:   [Phase 3] Measurement: running 1024 full inference passes (timed)
2026-04-27T02:35:08 [INFO    ] benchmark.runner:   [Phase 3] Measurement complete: 1024/1024 iters recorded
2026-04-27T02:35:08 [INFO    ] benchmark.runner:   Done | 1st-call=22.60 ms | mean=8.48 ms | p95=8.79 ms | kernel=8.42 ms | status=success
2026-04-27T02:35:08 [INFO    ] run_one_model: Process exit | status=success
2026-04-27T02:59:41 [INFO    ] run_one_model: Process start | pid=18260 | model_id=9 | trial_id=4
2026-04-27T02:59:41 [INFO    ] benchmark.runner: Trial 4 | Model 9 (posenet) | Framework: mediapipe
2026-04-27T02:59:44 [INFO    ] benchmark.models.model_posenet: pose_landmarker_lite.task already cached at C:\Users\fanaf\Desktop\Native\native_tfjs_bench\benchmark\models\_mediapipe_assets\pose_landmarker_lite.task
2026-04-27T02:59:44 [INFO    ] benchmark.models.model_posenet: PoseLandmarker-Lite loaded (CPU inference)
2026-04-27T02:59:44 [INFO    ] benchmark.runner:   Load complete in 2995.62 ms
2026-04-27T02:59:44 [INFO    ] benchmark.runner:   [Phase 2] 1st-call: single timed inference (first-use measurement)
2026-04-27T02:59:45 [INFO    ] benchmark.runner:   [Phase 2] 1st-call complete: 21.72 ms
2026-04-27T02:59:46 [INFO    ] benchmark.runner:   [Phase 3] Measurement: running 1024 full inference passes (timed)
2026-04-27T02:59:54 [INFO    ] benchmark.runner:   [Phase 3] Measurement complete: 1024/1024 iters recorded
2026-04-27T02:59:54 [INFO    ] benchmark.runner:   Done | 1st-call=21.72 ms | mean=8.44 ms | p95=8.83 ms | kernel=8.40 ms | status=success
2026-04-27T02:59:54 [INFO    ] run_one_model: Process exit | status=success
2026-04-27T03:35:39 [INFO    ] run_one_model: Process start | pid=15108 | model_id=9 | trial_id=4
2026-04-27T03:35:39 [INFO    ] benchmark.runner: Trial 4 | Model 9 (posenet) | Framework: mediapipe
2026-04-27T03:35:42 [INFO    ] benchmark.models.model_posenet: pose_landmarker_lite.task already cached at C:\Users\fanaf\Desktop\Native\native_tfjs_bench\benchmark\models\_mediapipe_assets\pose_landmarker_lite.task
2026-04-27T03:35:42 [INFO    ] benchmark.models.model_posenet: PoseLandmarker-Lite loaded (CPU inference)
2026-04-27T03:35:42 [INFO    ] benchmark.runner:   Load complete in 3053.81 ms
2026-04-27T03:35:43 [INFO    ] benchmark.runner:   [Phase 2] 1st-call: single timed inference (first-use measurement)
2026-04-27T03:35:43 [INFO    ] benchmark.runner:   [Phase 2] 1st-call complete: 22.35 ms
2026-04-27T03:35:44 [INFO    ] benchmark.runner:   [Phase 3] Measurement: running 1024 full inference passes (timed)
2026-04-27T03:35:53 [INFO    ] benchmark.runner:   [Phase 3] Measurement complete: 1024/1024 iters recorded
2026-04-27T03:35:53 [INFO    ] benchmark.runner:   Done | 1st-call=22.35 ms | mean=8.54 ms | p95=8.81 ms | kernel=8.50 ms | status=success
2026-04-27T03:35:53 [INFO    ] run_one_model: Process exit | status=success
