Command : C:\ProgramData\miniconda3\python.exe C:\Users\fanaf\Desktop\Native\native_tfjs_bench\scripts\run_one_model.py --model-id 5 --trial-id 1 --output-dir benchmark\output\trial_001\model_005 --warmup 10 --iterations 1024 --seed 12345 --device cuda --run-mode clean_benchmark
Exit code: 0
Elapsed  : 54.39s
Timed out: False

--- STDOUT ---
2026-04-27T03:30:35 [INFO    ] run_one_model: Process start | pid=21988 | model_id=5 | trial_id=1
2026-04-27T03:30:35 [INFO    ] benchmark.runner: Trial 1 | Model 5 (mobilebert) | Framework: pytorch
2026-04-27T03:30:39 [INFO    ] benchmark.models.model_mobilebert: Loading google/mobilebert-uncased on cuda …
2026-04-27T03:30:39 [WARNING ] huggingface_hub.utils._http: '(ProtocolError('Connection aborted.', ConnectionResetError(10054, 'An existing connection was forcibly closed by the remote host', None, 10054, None)), '(Request ID: 9e1f8cbb-2a4c-4f39-a0c4-a9d0e63aecbe)')' thrown while requesting HEAD https://huggingface.co/google/mobilebert-uncased/resolve/main/config.json
2026-04-27T03:30:39 [WARNING ] huggingface_hub.utils._http: Retrying in 1s [Retry 1/5].
2026-04-27T03:30:40 [WARNING ] huggingface_hub.utils._http: '(ProtocolError('Connection aborted.', ConnectionResetError(10054, 'An existing connection was forcibly closed by the remote host', None, 10054, None)), '(Request ID: a2e0951d-33b3-44b7-a5c5-ceee8ebe7896)')' thrown while requesting HEAD https://huggingface.co/google/mobilebert-uncased/resolve/main/config.json
2026-04-27T03:30:40 [WARNING ] huggingface_hub.utils._http: Retrying in 2s [Retry 2/5].
2026-04-27T03:30:42 [WARNING ] huggingface_hub.utils._http: '(ProtocolError('Connection aborted.', ConnectionResetError(10054, 'An existing connection was forcibly closed by the remote host', None, 10054, None)), '(Request ID: c184434f-93e4-4f98-aa8a-73bcb61ccf27)')' thrown while requesting HEAD https://huggingface.co/google/mobilebert-uncased/resolve/main/config.json
2026-04-27T03:30:42 [WARNING ] huggingface_hub.utils._http: Retrying in 4s [Retry 3/5].
2026-04-27T03:30:46 [WARNING ] huggingface_hub.utils._http: '(ProtocolError('Connection aborted.', ConnectionResetError(10054, 'An existing connection was forcibly closed by the remote host', None, 10054, None)), '(Request ID: 3b3c9b5f-9725-4f07-b74a-372c2f9a73f6)')' thrown while requesting HEAD https://huggingface.co/google/mobilebert-uncased/resolve/main/config.json
2026-04-27T03:30:46 [WARNING ] huggingface_hub.utils._http: Retrying in 8s [Retry 4/5].
2026-04-27T03:30:54 [WARNING ] huggingface_hub.utils._http: '(ProtocolError('Connection aborted.', ConnectionResetError(10054, 'An existing connection was forcibly closed by the remote host', None, 10054, None)), '(Request ID: 3f9e0d52-9d94-42f2-97e8-ce87631041d5)')' thrown while requesting HEAD https://huggingface.co/google/mobilebert-uncased/resolve/main/config.json
2026-04-27T03:30:54 [WARNING ] huggingface_hub.utils._http: Retrying in 8s [Retry 5/5].
2026-04-27T03:31:03 [INFO    ] benchmark.models.model_mobilebert: MobileBERT loaded on cuda
2026-04-27T03:31:03 [INFO    ] benchmark.runner:   Load complete in 27671.36 ms
2026-04-27T03:31:04 [INFO    ] benchmark.runner:   [Phase 2] 1st-call: single timed inference (first-use measurement)
2026-04-27T03:31:04 [INFO    ] benchmark.runner:   [Phase 2] 1st-call complete: 108.66 ms
2026-04-27T03:31:05 [INFO    ] benchmark.runner:   [Phase 3] Measurement: running 1024 full inference passes (timed)
2026-04-27T03:31:28 [INFO    ] benchmark.runner:   [Phase 3] Measurement complete: 1024/1024 iters recorded
2026-04-27T03:31:28 [INFO    ] benchmark.runner:   Done | 1st-call=108.66 ms | mean=22.51 ms | p95=28.35 ms | kernel=22.48 ms | status=success
2026-04-27T03:31:28 [INFO    ] run_one_model: Process exit | status=success


--- STDERR ---
2026-04-27 03:30:37.141835: I tensorflow/core/util/port.cc:153] oneDNN custom operations are on. You may see slightly different numerical results due to floating-point round-off errors from different computation orders. To turn them off, set the environment variable `TF_ENABLE_ONEDNN_OPTS=0`.
2026-04-27 03:30:37.792038: I tensorflow/core/util/port.cc:153] oneDNN custom operations are on. You may see slightly different numerical results due to floating-point round-off errors from different computation orders. To turn them off, set the environment variable `TF_ENABLE_ONEDNN_OPTS=0`.
'(ProtocolError('Connection aborted.', ConnectionResetError(10054, 'An existing connection was forcibly closed by the remote host', None, 10054, None)), '(Request ID: 9e1f8cbb-2a4c-4f39-a0c4-a9d0e63aecbe)')' thrown while requesting HEAD https://huggingface.co/google/mobilebert-uncased/resolve/main/config.json
Retrying in 1s [Retry 1/5].
'(ProtocolError('Connection aborted.', ConnectionResetError(10054, 'An existing connection was forcibly closed by the remote host', None, 10054, None)), '(Request ID: a2e0951d-33b3-44b7-a5c5-ceee8ebe7896)')' thrown while requesting HEAD https://huggingface.co/google/mobilebert-uncased/resolve/main/config.json
Retrying in 2s [Retry 2/5].
'(ProtocolError('Connection aborted.', ConnectionResetError(10054, 'An existing connection was forcibly closed by the remote host', None, 10054, None)), '(Request ID: c184434f-93e4-4f98-aa8a-73bcb61ccf27)')' thrown while requesting HEAD https://huggingface.co/google/mobilebert-uncased/resolve/main/config.json
Retrying in 4s [Retry 3/5].
'(ProtocolError('Connection aborted.', ConnectionResetError(10054, 'An existing connection was forcibly closed by the remote host', None, 10054, None)), '(Request ID: 3b3c9b5f-9725-4f07-b74a-372c2f9a73f6)')' thrown while requesting HEAD https://huggingface.co/google/mobilebert-uncased/resolve/main/config.json
Retrying in 8s [Retry 4/5].
'(ProtocolError('Connection aborted.', ConnectionResetError(10054, 'An existing connection was forcibly closed by the remote host', None, 10054, None)), '(Request ID: 3f9e0d52-9d94-42f2-97e8-ce87631041d5)')' thrown while requesting HEAD https://huggingface.co/google/mobilebert-uncased/resolve/main/config.json
Retrying in 8s [Retry 5/5].
