2026-04-26T13:38:47 [INFO    ] run_one_model: Process start | pid=33512 | model_id=3 | trial_id=3
2026-04-26T13:38:47 [INFO    ] benchmark.runner: Trial 3 | Model 3 (speech_command_recognizer) | Framework: pytorch
2026-04-26T13:38:47 [INFO    ] benchmark.models.model_speech_command: Building SpeechCNN (depthwise-sep, random init) on cuda …
2026-04-26T13:38:47 [INFO    ] benchmark.models.model_speech_command: SpeechCNN ready on cuda
2026-04-26T13:38:47 [INFO    ] benchmark.runner:   Load complete in 63.76 ms
2026-04-26T13:38:48 [INFO    ] benchmark.runner:   [Phase 2] 1st-call: single timed inference (first-use measurement)
2026-04-26T13:38:48 [INFO    ] benchmark.runner:   [Phase 2] 1st-call complete: 132.14 ms
2026-04-26T13:38:49 [INFO    ] benchmark.runner:   [Phase 3] Measurement: running 1024 full inference passes (timed)
2026-04-26T13:38:50 [INFO    ] benchmark.runner:   [Phase 3] Measurement complete: 1024/1024 iters recorded
2026-04-26T13:38:50 [INFO    ] benchmark.runner:   Done | 1st-call=132.14 ms | mean=0.89 ms | p95=1.51 ms | kernel=0.86 ms | status=success
2026-04-26T13:38:50 [INFO    ] run_one_model: Process exit | status=success
2026-04-26T14:24:56 [INFO    ] run_one_model: Process start | pid=39064 | model_id=3 | trial_id=3
2026-04-26T14:24:56 [INFO    ] benchmark.runner: Trial 3 | Model 3 (speech_command_recognizer) | Framework: pytorch
2026-04-26T14:24:56 [INFO    ] benchmark.models.model_speech_command: Building SpeechCNN (depthwise-sep, random init) on cuda …
2026-04-26T14:24:56 [INFO    ] benchmark.models.model_speech_command: SpeechCNN ready on cuda
2026-04-26T14:24:56 [INFO    ] benchmark.runner:   Load complete in 71.85 ms
2026-04-26T14:24:56 [INFO    ] benchmark.runner:   [Phase 2] 1st-call: single timed inference (first-use measurement)
2026-04-26T14:24:56 [INFO    ] benchmark.runner:   [Phase 2] 1st-call complete: 126.86 ms
2026-04-26T14:24:57 [INFO    ] benchmark.runner:   [Phase 3] Measurement: running 1024 full inference passes (timed)
2026-04-26T14:24:58 [INFO    ] benchmark.runner:   [Phase 3] Measurement complete: 1024/1024 iters recorded
2026-04-26T14:24:58 [INFO    ] benchmark.runner:   Done | 1st-call=126.86 ms | mean=0.93 ms | p95=1.37 ms | kernel=0.91 ms | status=success
2026-04-26T14:24:58 [INFO    ] run_one_model: Process exit | status=success
2026-04-26T15:45:32 [INFO    ] run_one_model: Process start | pid=37212 | model_id=3 | trial_id=3
2026-04-26T15:45:32 [INFO    ] benchmark.runner: Trial 3 | Model 3 (speech_command_recognizer) | Framework: pytorch
2026-04-26T15:45:32 [INFO    ] benchmark.models.model_speech_command: Building SpeechCNN (depthwise-sep, random init) on cuda …
2026-04-26T15:45:32 [INFO    ] benchmark.models.model_speech_command: SpeechCNN ready on cuda
2026-04-26T15:45:32 [INFO    ] benchmark.runner:   Load complete in 62.85 ms
2026-04-26T15:45:32 [INFO    ] benchmark.runner:   [Phase 2] 1st-call: single timed inference (first-use measurement)
2026-04-26T15:45:33 [INFO    ] benchmark.runner:   [Phase 2] 1st-call complete: 123.87 ms
2026-04-26T15:45:34 [INFO    ] benchmark.runner:   [Phase 3] Measurement: running 1024 full inference passes (timed)
2026-04-26T15:45:34 [INFO    ] benchmark.runner:   [Phase 3] Measurement complete: 1024/1024 iters recorded
2026-04-26T15:45:34 [INFO    ] benchmark.runner:   Done | 1st-call=123.87 ms | mean=0.80 ms | p95=1.06 ms | kernel=0.77 ms | status=success
2026-04-26T15:45:34 [INFO    ] run_one_model: Process exit | status=success
2026-04-27T02:25:11 [INFO    ] run_one_model: Process start | pid=40388 | model_id=3 | trial_id=3
2026-04-27T02:25:11 [INFO    ] benchmark.runner: Trial 3 | Model 3 (speech_command_recognizer) | Framework: pytorch
2026-04-27T02:25:11 [INFO    ] benchmark.models.model_speech_command: Building SpeechCNN (depthwise-sep, random init) on cuda …
2026-04-27T02:25:11 [INFO    ] benchmark.models.model_speech_command: SpeechCNN ready on cuda
2026-04-27T02:25:11 [INFO    ] benchmark.runner:   Load complete in 61.42 ms
2026-04-27T02:25:11 [INFO    ] benchmark.runner:   [Phase 2] 1st-call: single timed inference (first-use measurement)
2026-04-27T02:25:11 [INFO    ] benchmark.runner:   [Phase 2] 1st-call complete: 125.39 ms
2026-04-27T02:25:12 [INFO    ] benchmark.runner:   [Phase 3] Measurement: running 1024 full inference passes (timed)
2026-04-27T02:25:13 [INFO    ] benchmark.runner:   [Phase 3] Measurement complete: 1024/1024 iters recorded
2026-04-27T02:25:13 [INFO    ] benchmark.runner:   Done | 1st-call=125.39 ms | mean=0.87 ms | p95=1.35 ms | kernel=0.84 ms | status=success
2026-04-27T02:25:13 [INFO    ] run_one_model: Process exit | status=success
2026-04-27T02:49:45 [INFO    ] run_one_model: Process start | pid=35128 | model_id=3 | trial_id=3
2026-04-27T02:49:45 [INFO    ] benchmark.runner: Trial 3 | Model 3 (speech_command_recognizer) | Framework: pytorch
2026-04-27T02:49:45 [INFO    ] benchmark.models.model_speech_command: Building SpeechCNN (depthwise-sep, random init) on cuda …
2026-04-27T02:49:46 [INFO    ] benchmark.models.model_speech_command: SpeechCNN ready on cuda
2026-04-27T02:49:46 [INFO    ] benchmark.runner:   Load complete in 62.17 ms
2026-04-27T02:49:46 [INFO    ] benchmark.runner:   [Phase 2] 1st-call: single timed inference (first-use measurement)
2026-04-27T02:49:46 [INFO    ] benchmark.runner:   [Phase 2] 1st-call complete: 123.21 ms
2026-04-27T02:49:47 [INFO    ] benchmark.runner:   [Phase 3] Measurement: running 1024 full inference passes (timed)
2026-04-27T02:49:48 [INFO    ] benchmark.runner:   [Phase 3] Measurement complete: 1024/1024 iters recorded
2026-04-27T02:49:48 [INFO    ] benchmark.runner:   Done | 1st-call=123.21 ms | mean=0.73 ms | p95=0.84 ms | kernel=0.70 ms | status=success
2026-04-27T02:49:48 [INFO    ] run_one_model: Process exit | status=success
2026-04-27T03:25:28 [INFO    ] run_one_model: Process start | pid=38316 | model_id=3 | trial_id=3
2026-04-27T03:25:28 [INFO    ] benchmark.runner: Trial 3 | Model 3 (speech_command_recognizer) | Framework: pytorch
2026-04-27T03:25:28 [INFO    ] benchmark.models.model_speech_command: Building SpeechCNN (depthwise-sep, random init) on cuda …
2026-04-27T03:25:28 [INFO    ] benchmark.models.model_speech_command: SpeechCNN ready on cuda
2026-04-27T03:25:28 [INFO    ] benchmark.runner:   Load complete in 59.31 ms
2026-04-27T03:25:28 [INFO    ] benchmark.runner:   [Phase 2] 1st-call: single timed inference (first-use measurement)
2026-04-27T03:25:29 [INFO    ] benchmark.runner:   [Phase 2] 1st-call complete: 127.07 ms
2026-04-27T03:25:30 [INFO    ] benchmark.runner:   [Phase 3] Measurement: running 1024 full inference passes (timed)
2026-04-27T03:25:31 [INFO    ] benchmark.runner:   [Phase 3] Measurement complete: 1024/1024 iters recorded
2026-04-27T03:25:31 [INFO    ] benchmark.runner:   Done | 1st-call=127.07 ms | mean=0.81 ms | p95=1.02 ms | kernel=0.79 ms | status=success
2026-04-27T03:25:31 [INFO    ] run_one_model: Process exit | status=success
