2026-04-26T13:38:33 [INFO    ] run_one_model: Process start | pid=36648 | model_id=3 | trial_id=1
2026-04-26T13:38:33 [INFO    ] benchmark.runner: Trial 1 | Model 3 (speech_command_recognizer) | Framework: pytorch
2026-04-26T13:38:33 [INFO    ] benchmark.models.model_speech_command: Building SpeechCNN (depthwise-sep, random init) on cuda …
2026-04-26T13:38:33 [INFO    ] benchmark.models.model_speech_command: SpeechCNN ready on cuda
2026-04-26T13:38:33 [INFO    ] benchmark.runner:   Load complete in 62.96 ms
2026-04-26T13:38:33 [INFO    ] benchmark.runner:   [Phase 2] 1st-call: single timed inference (first-use measurement)
2026-04-26T13:38:34 [INFO    ] benchmark.runner:   [Phase 2] 1st-call complete: 138.70 ms
2026-04-26T13:38:35 [INFO    ] benchmark.runner:   [Phase 3] Measurement: running 1024 full inference passes (timed)
2026-04-26T13:38:36 [INFO    ] benchmark.runner:   [Phase 3] Measurement complete: 1024/1024 iters recorded
2026-04-26T13:38:36 [INFO    ] benchmark.runner:   Done | 1st-call=138.70 ms | mean=0.89 ms | p95=1.43 ms | kernel=0.86 ms | status=success
2026-04-26T13:38:36 [INFO    ] run_one_model: Process exit | status=success
2026-04-26T14:24:41 [INFO    ] run_one_model: Process start | pid=25716 | model_id=3 | trial_id=1
2026-04-26T14:24:41 [INFO    ] benchmark.runner: Trial 1 | Model 3 (speech_command_recognizer) | Framework: pytorch
2026-04-26T14:24:41 [INFO    ] benchmark.models.model_speech_command: Building SpeechCNN (depthwise-sep, random init) on cuda …
2026-04-26T14:24:41 [INFO    ] benchmark.models.model_speech_command: SpeechCNN ready on cuda
2026-04-26T14:24:41 [INFO    ] benchmark.runner:   Load complete in 67.87 ms
2026-04-26T14:24:42 [INFO    ] benchmark.runner:   [Phase 2] 1st-call: single timed inference (first-use measurement)
2026-04-26T14:24:42 [INFO    ] benchmark.runner:   [Phase 2] 1st-call complete: 127.39 ms
2026-04-26T14:24:43 [INFO    ] benchmark.runner:   [Phase 3] Measurement: running 1024 full inference passes (timed)
2026-04-26T14:24:44 [INFO    ] benchmark.runner:   [Phase 3] Measurement complete: 1024/1024 iters recorded
2026-04-26T14:24:44 [INFO    ] benchmark.runner:   Done | 1st-call=127.39 ms | mean=0.96 ms | p95=1.39 ms | kernel=0.92 ms | status=success
2026-04-26T14:24:44 [INFO    ] run_one_model: Process exit | status=success
2026-04-26T15:45:18 [INFO    ] run_one_model: Process start | pid=24220 | model_id=3 | trial_id=1
2026-04-26T15:45:18 [INFO    ] benchmark.runner: Trial 1 | Model 3 (speech_command_recognizer) | Framework: pytorch
2026-04-26T15:45:18 [INFO    ] benchmark.models.model_speech_command: Building SpeechCNN (depthwise-sep, random init) on cuda …
2026-04-26T15:45:18 [INFO    ] benchmark.models.model_speech_command: SpeechCNN ready on cuda
2026-04-26T15:45:18 [INFO    ] benchmark.runner:   Load complete in 62.33 ms
2026-04-26T15:45:18 [INFO    ] benchmark.runner:   [Phase 2] 1st-call: single timed inference (first-use measurement)
2026-04-26T15:45:18 [INFO    ] benchmark.runner:   [Phase 2] 1st-call complete: 125.72 ms
2026-04-26T15:45:19 [INFO    ] benchmark.runner:   [Phase 3] Measurement: running 1024 full inference passes (timed)
2026-04-26T15:45:20 [INFO    ] benchmark.runner:   [Phase 3] Measurement complete: 1024/1024 iters recorded
2026-04-26T15:45:20 [INFO    ] benchmark.runner:   Done | 1st-call=125.72 ms | mean=0.82 ms | p95=1.14 ms | kernel=0.80 ms | status=success
2026-04-26T15:45:20 [INFO    ] run_one_model: Process exit | status=success
2026-04-27T02:24:56 [INFO    ] run_one_model: Process start | pid=26208 | model_id=3 | trial_id=1
2026-04-27T02:24:56 [INFO    ] benchmark.runner: Trial 1 | Model 3 (speech_command_recognizer) | Framework: pytorch
2026-04-27T02:24:56 [INFO    ] benchmark.models.model_speech_command: Building SpeechCNN (depthwise-sep, random init) on cuda …
2026-04-27T02:24:56 [INFO    ] benchmark.models.model_speech_command: SpeechCNN ready on cuda
2026-04-27T02:24:56 [INFO    ] benchmark.runner:   Load complete in 60.47 ms
2026-04-27T02:24:57 [INFO    ] benchmark.runner:   [Phase 2] 1st-call: single timed inference (first-use measurement)
2026-04-27T02:24:57 [INFO    ] benchmark.runner:   [Phase 2] 1st-call complete: 126.11 ms
2026-04-27T02:24:58 [INFO    ] benchmark.runner:   [Phase 3] Measurement: running 1024 full inference passes (timed)
2026-04-27T02:24:59 [INFO    ] benchmark.runner:   [Phase 3] Measurement complete: 1024/1024 iters recorded
2026-04-27T02:24:59 [INFO    ] benchmark.runner:   Done | 1st-call=126.11 ms | mean=0.88 ms | p95=1.37 ms | kernel=0.85 ms | status=success
2026-04-27T02:24:59 [INFO    ] run_one_model: Process exit | status=success
2026-04-27T02:49:31 [INFO    ] run_one_model: Process start | pid=40768 | model_id=3 | trial_id=1
2026-04-27T02:49:31 [INFO    ] benchmark.runner: Trial 1 | Model 3 (speech_command_recognizer) | Framework: pytorch
2026-04-27T02:49:31 [INFO    ] benchmark.models.model_speech_command: Building SpeechCNN (depthwise-sep, random init) on cuda …
2026-04-27T02:49:32 [INFO    ] benchmark.models.model_speech_command: SpeechCNN ready on cuda
2026-04-27T02:49:32 [INFO    ] benchmark.runner:   Load complete in 62.53 ms
2026-04-27T02:49:32 [INFO    ] benchmark.runner:   [Phase 2] 1st-call: single timed inference (first-use measurement)
2026-04-27T02:49:32 [INFO    ] benchmark.runner:   [Phase 2] 1st-call complete: 123.02 ms
2026-04-27T02:49:33 [INFO    ] benchmark.runner:   [Phase 3] Measurement: running 1024 full inference passes (timed)
2026-04-27T02:49:34 [INFO    ] benchmark.runner:   [Phase 3] Measurement complete: 1024/1024 iters recorded
2026-04-27T02:49:34 [INFO    ] benchmark.runner:   Done | 1st-call=123.02 ms | mean=0.78 ms | p95=1.22 ms | kernel=0.75 ms | status=success
2026-04-27T02:49:34 [INFO    ] run_one_model: Process exit | status=success
2026-04-27T03:25:14 [INFO    ] run_one_model: Process start | pid=37160 | model_id=3 | trial_id=1
2026-04-27T03:25:14 [INFO    ] benchmark.runner: Trial 1 | Model 3 (speech_command_recognizer) | Framework: pytorch
2026-04-27T03:25:14 [INFO    ] benchmark.models.model_speech_command: Building SpeechCNN (depthwise-sep, random init) on cuda …
2026-04-27T03:25:14 [INFO    ] benchmark.models.model_speech_command: SpeechCNN ready on cuda
2026-04-27T03:25:14 [INFO    ] benchmark.runner:   Load complete in 62.54 ms
2026-04-27T03:25:14 [INFO    ] benchmark.runner:   [Phase 2] 1st-call: single timed inference (first-use measurement)
2026-04-27T03:25:14 [INFO    ] benchmark.runner:   [Phase 2] 1st-call complete: 127.70 ms
2026-04-27T03:25:16 [INFO    ] benchmark.runner:   [Phase 3] Measurement: running 1024 full inference passes (timed)
2026-04-27T03:25:16 [INFO    ] benchmark.runner:   [Phase 3] Measurement complete: 1024/1024 iters recorded
2026-04-27T03:25:16 [INFO    ] benchmark.runner:   Done | 1st-call=127.70 ms | mean=0.86 ms | p95=1.35 ms | kernel=0.83 ms | status=success
2026-04-27T03:25:16 [INFO    ] run_one_model: Process exit | status=success
